// Jest Snapshot v1, https://goo.gl/fbAQLP

exports[`NearView behavior render() should render with correct initial value 1`] = `
<section>
  <button
    onClick={[Function]}
    type="button"
  >
    reset
  </button>
  <br />
  <span
    className="value"
  >
    20
  </span>
</section>
`;
